
> react-kavia@0.1.0 start
> cross-env EDIT_MODE=true webpack serve --config .ve/webpack.config.js --mode development

<i> [webpack-dev-server] Project is running at:
<i> [webpack-dev-server] Loopback: http://localhost:3000/, http://[::1]:3000/
<i> [webpack-dev-server] On Your Network (IPv4): http://172.17.0.2:3000/
<i> [webpack-dev-server] Content not from webpack is served from './public' directory
Injecting EditorRootWrapper import: ../.ve/EditorRootWrapper
asset bundle.js 1.42 MiB [emitted] (name: main)
asset index.html 1.98 KiB [emitted]
runtime modules 27.5 KiB 14 modules
cacheable modules 1.28 MiB
  modules by path ./node_modules/ 1.24 MiB 31 modules
  modules by path ./src/ 27.7 KiB
    modules by path ./src/pages/*.js 9.7 KiB 6 modules
    modules by path ./src/*.css 11.3 KiB 4 modules
    modules by path ./src/components/*.js 3.46 KiB 3 modules
    modules by path ./src/*.js 3.21 KiB 2 modules
  modules by path ./.ve/ 15.1 KiB
    modules by path ./.ve/*.js 10.6 KiB 2 modules
    modules by path ./.ve/*.css 2.93 KiB 2 modules
    ./.ve/EditorOverlay.jsx 1.58 KiB [built] [code generated]
webpack 5.99.9 compiled successfully in 1366 ms
assets by status 1.98 KiB [cached] 1 asset
assets by path *.js 1.45 MiB
  asset bundle.js 1.43 MiB [emitted] (name: main)
  asset main.c88d937eae365fd05bf2.hot-update.js 14.7 KiB [emitted] [immutable] [hmr] (name: main)
asset main.c88d937eae365fd05bf2.hot-update.json 28 bytes [emitted] [immutable] [hmr]
Entrypoint main 1.45 MiB = bundle.js 1.43 MiB main.c88d937eae365fd05bf2.hot-update.js 14.7 KiB
cached modules 1.28 MiB [cached] 50 modules
runtime modules 27.5 KiB 14 modules
./src/pages/Dashboard.js 10.2 KiB [built] [code generated]
webpack 5.99.9 compiled successfully in 181 ms
